// Jest Snapshot v1, https://goo.gl/fbAQLP

exports[`SignUpPage component Should render snapshot correctly 1`] = `
{
  "asFragment": [Function],
  "baseElement": <body>
    <div>
      <div
        class="MuiStack-root css-w004l2-MuiStack-root"
      >
        <div
          class="MuiBox-root css-ig17l7"
        >
          <h1
            class="MuiTypography-root MuiTypography-h1 css-1hnwj4m-MuiTypography-root"
          >
            Sign Up!
          </h1>
          <hr
            class="MuiDivider-root MuiDivider-fullWidth MuiDivider-flexItem css-yk10cl-MuiDivider-root"
          />
          <div
            class="MuiFormControl-root css-bcsigr-MuiFormControl-root"
          >
            <div
              class="MuiStack-root css-1l4xmop-MuiStack-root"
            >
              <div
                class="MuiStack-root css-1lv7di1-MuiStack-root"
              >
                <label
                  class="MuiFormLabel-root MuiFormLabel-colorPrimary css-1j5jes1-MuiFormLabel-root"
                >
                  FullName:
                </label>
                <div
                  class="MuiStack-root css-aubdti-MuiStack-root"
                >
                  <div
                    class="MuiFormControl-root MuiTextField-root css-1fihxl0-MuiFormControl-root-MuiTextField-root"
                    data-testid="full-name"
                  >
                    <div
                      class="MuiInputBase-root MuiOutlinedInput-root MuiInputBase-colorPrimary MuiInputBase-formControl css-1t64y2h-MuiInputBase-root-MuiOutlinedInput-root"
                    >
                      <input
                        aria-invalid="false"
                        class="MuiInputBase-input MuiOutlinedInput-input css-1t8l2tu-MuiInputBase-input-MuiOutlinedInput-input"
                        id=":r0:"
                        name="fullName"
                        placeholder="fullName"
                        type="text"
                        value=""
                      />
                      <fieldset
                        aria-hidden="true"
                        class="MuiOutlinedInput-notchedOutline css-1d3z3hw-MuiOutlinedInput-notchedOutline"
                      >
                        <legend
                          class="css-ihdtdm"
                        >
                          <span
                            class="notranslate"
                          >
                            ​
                          </span>
                        </legend>
                      </fieldset>
                    </div>
                  </div>
                </div>
              </div>
              <div
                class="MuiStack-root css-1lv7di1-MuiStack-root"
              >
                <label
                  class="MuiFormLabel-root MuiFormLabel-colorPrimary css-1j5jes1-MuiFormLabel-root"
                >
                  Company:
                </label>
                <div
                  class="MuiStack-root css-aubdti-MuiStack-root"
                >
                  <div
                    class="MuiFormControl-root MuiTextField-root css-1fihxl0-MuiFormControl-root-MuiTextField-root"
                    data-testid="company-customer"
                  >
                    <div
                      class="MuiInputBase-root MuiOutlinedInput-root MuiInputBase-colorPrimary MuiInputBase-formControl css-1t64y2h-MuiInputBase-root-MuiOutlinedInput-root"
                    >
                      <input
                        aria-invalid="false"
                        class="MuiInputBase-input MuiOutlinedInput-input css-1t8l2tu-MuiInputBase-input-MuiOutlinedInput-input"
                        id=":r1:"
                        name="company"
                        placeholder="company"
                        type="text"
                        value=""
                      />
                      <fieldset
                        aria-hidden="true"
                        class="MuiOutlinedInput-notchedOutline css-1d3z3hw-MuiOutlinedInput-notchedOutline"
                      >
                        <legend
                          class="css-ihdtdm"
                        >
                          <span
                            class="notranslate"
                          >
                            ​
                          </span>
                        </legend>
                      </fieldset>
                    </div>
                  </div>
                </div>
              </div>
              <div
                class="MuiStack-root css-1lv7di1-MuiStack-root"
              >
                <label
                  class="MuiFormLabel-root MuiFormLabel-colorPrimary css-1j5jes1-MuiFormLabel-root"
                >
                  PhoneNumber:
                </label>
                <div
                  class="MuiStack-root css-aubdti-MuiStack-root"
                >
                  <div
                    class="MuiFormControl-root MuiTextField-root css-1fihxl0-MuiFormControl-root-MuiTextField-root"
                    data-testid="phone-number"
                  >
                    <div
                      class="MuiInputBase-root MuiOutlinedInput-root MuiInputBase-colorPrimary MuiInputBase-formControl css-1t64y2h-MuiInputBase-root-MuiOutlinedInput-root"
                    >
                      <input
                        aria-invalid="false"
                        class="MuiInputBase-input MuiOutlinedInput-input css-1t8l2tu-MuiInputBase-input-MuiOutlinedInput-input"
                        id=":r2:"
                        inputmode="numeric"
                        name="phoneNumber"
                        placeholder="2051234444"
                        type="text"
                        value=""
                      />
                      <fieldset
                        aria-hidden="true"
                        class="MuiOutlinedInput-notchedOutline css-1d3z3hw-MuiOutlinedInput-notchedOutline"
                      >
                        <legend
                          class="css-ihdtdm"
                        >
                          <span
                            class="notranslate"
                          >
                            ​
                          </span>
                        </legend>
                      </fieldset>
                    </div>
                  </div>
                </div>
              </div>
              <div
                class="MuiStack-root css-1lv7di1-MuiStack-root"
              >
                <label
                  class="MuiFormLabel-root MuiFormLabel-colorPrimary css-1j5jes1-MuiFormLabel-root"
                >
                  Email:
                </label>
                <div
                  class="MuiStack-root css-aubdti-MuiStack-root"
                >
                  <div
                    class="MuiFormControl-root MuiTextField-root css-1fihxl0-MuiFormControl-root-MuiTextField-root"
                    data-testid="email"
                  >
                    <div
                      class="MuiInputBase-root MuiOutlinedInput-root MuiInputBase-colorPrimary MuiInputBase-formControl css-1t64y2h-MuiInputBase-root-MuiOutlinedInput-root"
                    >
                      <input
                        aria-invalid="false"
                        class="MuiInputBase-input MuiOutlinedInput-input css-1t8l2tu-MuiInputBase-input-MuiOutlinedInput-input"
                        id=":r3:"
                        name="email"
                        placeholder="abc@gmail.com"
                        type="text"
                        value=""
                      />
                      <fieldset
                        aria-hidden="true"
                        class="MuiOutlinedInput-notchedOutline css-1d3z3hw-MuiOutlinedInput-notchedOutline"
                      >
                        <legend
                          class="css-ihdtdm"
                        >
                          <span
                            class="notranslate"
                          >
                            ​
                          </span>
                        </legend>
                      </fieldset>
                    </div>
                  </div>
                </div>
              </div>
              <div
                class="MuiStack-root css-1lv7di1-MuiStack-root"
              >
                <label
                  class="MuiFormLabel-root MuiFormLabel-colorPrimary css-1j5jes1-MuiFormLabel-root"
                >
                  Country:
                </label>
                <div
                  class="MuiStack-root css-aubdti-MuiStack-root"
                >
                  <div
                    class="MuiFormControl-root MuiTextField-root css-1fihxl0-MuiFormControl-root-MuiTextField-root"
                    data-testid="country-customer"
                  >
                    <div
                      class="MuiInputBase-root MuiOutlinedInput-root MuiInputBase-colorPrimary MuiInputBase-formControl css-1t64y2h-MuiInputBase-root-MuiOutlinedInput-root"
                    >
                      <input
                        aria-invalid="false"
                        class="MuiInputBase-input MuiOutlinedInput-input css-1t8l2tu-MuiInputBase-input-MuiOutlinedInput-input"
                        id=":r4:"
                        name="country"
                        placeholder="country"
                        type="text"
                        value=""
                      />
                      <fieldset
                        aria-hidden="true"
                        class="MuiOutlinedInput-notchedOutline css-1d3z3hw-MuiOutlinedInput-notchedOutline"
                      >
                        <legend
                          class="css-ihdtdm"
                        >
                          <span
                            class="notranslate"
                          >
                            ​
                          </span>
                        </legend>
                      </fieldset>
                    </div>
                  </div>
                </div>
              </div>
            </div>
            <div
              class="MuiStack-root css-13aomr-MuiStack-root"
            >
              <button
                class="MuiButtonBase-root MuiButton-root MuiButton-outlined MuiButton-outlinedPrimary MuiButton-sizeMedium MuiButton-outlinedSizeMedium MuiButton-colorPrimary MuiButton-root MuiButton-outlined MuiButton-outlinedPrimary MuiButton-sizeMedium MuiButton-outlinedSizeMedium MuiButton-colorPrimary css-1uu91vc-MuiButtonBase-root-MuiButton-root"
                tabindex="0"
                type="button"
              >
                Home
                <span
                  class="MuiTouchRipple-root css-8je8zh-MuiTouchRipple-root"
                />
              </button>
              <button
                class="MuiButtonBase-root MuiButton-root MuiButton-contained MuiButton-containedPrimary MuiButton-sizeMedium MuiButton-containedSizeMedium MuiButton-colorPrimary MuiButton-root MuiButton-contained MuiButton-containedPrimary MuiButton-sizeMedium MuiButton-containedSizeMedium MuiButton-colorPrimary css-1bhl3b2-MuiButtonBase-root-MuiButton-root"
                data-testid="button-sign-up"
                tabindex="0"
                type="button"
              >
                Sign up
                <div
                  class="MuiBox-root css-7u9dva"
                />
                <span
                  class="MuiTouchRipple-root css-8je8zh-MuiTouchRipple-root"
                />
              </button>
            </div>
          </div>
        </div>
      </div>
    </div>
  </body>,
  "container": <div>
    <div
      class="MuiStack-root css-w004l2-MuiStack-root"
    >
      <div
        class="MuiBox-root css-ig17l7"
      >
        <h1
          class="MuiTypography-root MuiTypography-h1 css-1hnwj4m-MuiTypography-root"
        >
          Sign Up!
        </h1>
        <hr
          class="MuiDivider-root MuiDivider-fullWidth MuiDivider-flexItem css-yk10cl-MuiDivider-root"
        />
        <div
          class="MuiFormControl-root css-bcsigr-MuiFormControl-root"
        >
          <div
            class="MuiStack-root css-1l4xmop-MuiStack-root"
          >
            <div
              class="MuiStack-root css-1lv7di1-MuiStack-root"
            >
              <label
                class="MuiFormLabel-root MuiFormLabel-colorPrimary css-1j5jes1-MuiFormLabel-root"
              >
                FullName:
              </label>
              <div
                class="MuiStack-root css-aubdti-MuiStack-root"
              >
                <div
                  class="MuiFormControl-root MuiTextField-root css-1fihxl0-MuiFormControl-root-MuiTextField-root"
                  data-testid="full-name"
                >
                  <div
                    class="MuiInputBase-root MuiOutlinedInput-root MuiInputBase-colorPrimary MuiInputBase-formControl css-1t64y2h-MuiInputBase-root-MuiOutlinedInput-root"
                  >
                    <input
                      aria-invalid="false"
                      class="MuiInputBase-input MuiOutlinedInput-input css-1t8l2tu-MuiInputBase-input-MuiOutlinedInput-input"
                      id=":r0:"
                      name="fullName"
                      placeholder="fullName"
                      type="text"
                      value=""
                    />
                    <fieldset
                      aria-hidden="true"
                      class="MuiOutlinedInput-notchedOutline css-1d3z3hw-MuiOutlinedInput-notchedOutline"
                    >
                      <legend
                        class="css-ihdtdm"
                      >
                        <span
                          class="notranslate"
                        >
                          ​
                        </span>
                      </legend>
                    </fieldset>
                  </div>
                </div>
              </div>
            </div>
            <div
              class="MuiStack-root css-1lv7di1-MuiStack-root"
            >
              <label
                class="MuiFormLabel-root MuiFormLabel-colorPrimary css-1j5jes1-MuiFormLabel-root"
              >
                Company:
              </label>
              <div
                class="MuiStack-root css-aubdti-MuiStack-root"
              >
                <div
                  class="MuiFormControl-root MuiTextField-root css-1fihxl0-MuiFormControl-root-MuiTextField-root"
                  data-testid="company-customer"
                >
                  <div
                    class="MuiInputBase-root MuiOutlinedInput-root MuiInputBase-colorPrimary MuiInputBase-formControl css-1t64y2h-MuiInputBase-root-MuiOutlinedInput-root"
                  >
                    <input
                      aria-invalid="false"
                      class="MuiInputBase-input MuiOutlinedInput-input css-1t8l2tu-MuiInputBase-input-MuiOutlinedInput-input"
                      id=":r1:"
                      name="company"
                      placeholder="company"
                      type="text"
                      value=""
                    />
                    <fieldset
                      aria-hidden="true"
                      class="MuiOutlinedInput-notchedOutline css-1d3z3hw-MuiOutlinedInput-notchedOutline"
                    >
                      <legend
                        class="css-ihdtdm"
                      >
                        <span
                          class="notranslate"
                        >
                          ​
                        </span>
                      </legend>
                    </fieldset>
                  </div>
                </div>
              </div>
            </div>
            <div
              class="MuiStack-root css-1lv7di1-MuiStack-root"
            >
              <label
                class="MuiFormLabel-root MuiFormLabel-colorPrimary css-1j5jes1-MuiFormLabel-root"
              >
                PhoneNumber:
              </label>
              <div
                class="MuiStack-root css-aubdti-MuiStack-root"
              >
                <div
                  class="MuiFormControl-root MuiTextField-root css-1fihxl0-MuiFormControl-root-MuiTextField-root"
                  data-testid="phone-number"
                >
                  <div
                    class="MuiInputBase-root MuiOutlinedInput-root MuiInputBase-colorPrimary MuiInputBase-formControl css-1t64y2h-MuiInputBase-root-MuiOutlinedInput-root"
                  >
                    <input
                      aria-invalid="false"
                      class="MuiInputBase-input MuiOutlinedInput-input css-1t8l2tu-MuiInputBase-input-MuiOutlinedInput-input"
                      id=":r2:"
                      inputmode="numeric"
                      name="phoneNumber"
                      placeholder="2051234444"
                      type="text"
                      value=""
                    />
                    <fieldset
                      aria-hidden="true"
                      class="MuiOutlinedInput-notchedOutline css-1d3z3hw-MuiOutlinedInput-notchedOutline"
                    >
                      <legend
                        class="css-ihdtdm"
                      >
                        <span
                          class="notranslate"
                        >
                          ​
                        </span>
                      </legend>
                    </fieldset>
                  </div>
                </div>
              </div>
            </div>
            <div
              class="MuiStack-root css-1lv7di1-MuiStack-root"
            >
              <label
                class="MuiFormLabel-root MuiFormLabel-colorPrimary css-1j5jes1-MuiFormLabel-root"
              >
                Email:
              </label>
              <div
                class="MuiStack-root css-aubdti-MuiStack-root"
              >
                <div
                  class="MuiFormControl-root MuiTextField-root css-1fihxl0-MuiFormControl-root-MuiTextField-root"
                  data-testid="email"
                >
                  <div
                    class="MuiInputBase-root MuiOutlinedInput-root MuiInputBase-colorPrimary MuiInputBase-formControl css-1t64y2h-MuiInputBase-root-MuiOutlinedInput-root"
                  >
                    <input
                      aria-invalid="false"
                      class="MuiInputBase-input MuiOutlinedInput-input css-1t8l2tu-MuiInputBase-input-MuiOutlinedInput-input"
                      id=":r3:"
                      name="email"
                      placeholder="abc@gmail.com"
                      type="text"
                      value=""
                    />
                    <fieldset
                      aria-hidden="true"
                      class="MuiOutlinedInput-notchedOutline css-1d3z3hw-MuiOutlinedInput-notchedOutline"
                    >
                      <legend
                        class="css-ihdtdm"
                      >
                        <span
                          class="notranslate"
                        >
                          ​
                        </span>
                      </legend>
                    </fieldset>
                  </div>
                </div>
              </div>
            </div>
            <div
              class="MuiStack-root css-1lv7di1-MuiStack-root"
            >
              <label
                class="MuiFormLabel-root MuiFormLabel-colorPrimary css-1j5jes1-MuiFormLabel-root"
              >
                Country:
              </label>
              <div
                class="MuiStack-root css-aubdti-MuiStack-root"
              >
                <div
                  class="MuiFormControl-root MuiTextField-root css-1fihxl0-MuiFormControl-root-MuiTextField-root"
                  data-testid="country-customer"
                >
                  <div
                    class="MuiInputBase-root MuiOutlinedInput-root MuiInputBase-colorPrimary MuiInputBase-formControl css-1t64y2h-MuiInputBase-root-MuiOutlinedInput-root"
                  >
                    <input
                      aria-invalid="false"
                      class="MuiInputBase-input MuiOutlinedInput-input css-1t8l2tu-MuiInputBase-input-MuiOutlinedInput-input"
                      id=":r4:"
                      name="country"
                      placeholder="country"
                      type="text"
                      value=""
                    />
                    <fieldset
                      aria-hidden="true"
                      class="MuiOutlinedInput-notchedOutline css-1d3z3hw-MuiOutlinedInput-notchedOutline"
                    >
                      <legend
                        class="css-ihdtdm"
                      >
                        <span
                          class="notranslate"
                        >
                          ​
                        </span>
                      </legend>
                    </fieldset>
                  </div>
                </div>
              </div>
            </div>
          </div>
          <div
            class="MuiStack-root css-13aomr-MuiStack-root"
          >
            <button
              class="MuiButtonBase-root MuiButton-root MuiButton-outlined MuiButton-outlinedPrimary MuiButton-sizeMedium MuiButton-outlinedSizeMedium MuiButton-colorPrimary MuiButton-root MuiButton-outlined MuiButton-outlinedPrimary MuiButton-sizeMedium MuiButton-outlinedSizeMedium MuiButton-colorPrimary css-1uu91vc-MuiButtonBase-root-MuiButton-root"
              tabindex="0"
              type="button"
            >
              Home
              <span
                class="MuiTouchRipple-root css-8je8zh-MuiTouchRipple-root"
              />
            </button>
            <button
              class="MuiButtonBase-root MuiButton-root MuiButton-contained MuiButton-containedPrimary MuiButton-sizeMedium MuiButton-containedSizeMedium MuiButton-colorPrimary MuiButton-root MuiButton-contained MuiButton-containedPrimary MuiButton-sizeMedium MuiButton-containedSizeMedium MuiButton-colorPrimary css-1bhl3b2-MuiButtonBase-root-MuiButton-root"
              data-testid="button-sign-up"
              tabindex="0"
              type="button"
            >
              Sign up
              <div
                class="MuiBox-root css-7u9dva"
              />
              <span
                class="MuiTouchRipple-root css-8je8zh-MuiTouchRipple-root"
              />
            </button>
          </div>
        </div>
      </div>
    </div>
  </div>,
  "debug": [Function],
  "findAllByAltText": [Function],
  "findAllByDisplayValue": [Function],
  "findAllByLabelText": [Function],
  "findAllByPlaceholderText": [Function],
  "findAllByRole": [Function],
  "findAllByTestId": [Function],
  "findAllByText": [Function],
  "findAllByTitle": [Function],
  "findByAltText": [Function],
  "findByDisplayValue": [Function],
  "findByLabelText": [Function],
  "findByPlaceholderText": [Function],
  "findByRole": [Function],
  "findByTestId": [Function],
  "findByText": [Function],
  "findByTitle": [Function],
  "getAllByAltText": [Function],
  "getAllByDisplayValue": [Function],
  "getAllByLabelText": [Function],
  "getAllByPlaceholderText": [Function],
  "getAllByRole": [Function],
  "getAllByTestId": [Function],
  "getAllByText": [Function],
  "getAllByTitle": [Function],
  "getByAltText": [Function],
  "getByDisplayValue": [Function],
  "getByLabelText": [Function],
  "getByPlaceholderText": [Function],
  "getByRole": [Function],
  "getByTestId": [Function],
  "getByText": [Function],
  "getByTitle": [Function],
  "queryAllByAltText": [Function],
  "queryAllByDisplayValue": [Function],
  "queryAllByLabelText": [Function],
  "queryAllByPlaceholderText": [Function],
  "queryAllByRole": [Function],
  "queryAllByTestId": [Function],
  "queryAllByText": [Function],
  "queryAllByTitle": [Function],
  "queryByAltText": [Function],
  "queryByDisplayValue": [Function],
  "queryByLabelText": [Function],
  "queryByPlaceholderText": [Function],
  "queryByRole": [Function],
  "queryByTestId": [Function],
  "queryByText": [Function],
  "queryByTitle": [Function],
  "rerender": [Function],
  "unmount": [Function],
}
`;
