// Jest Snapshot v1, https://goo.gl/fbAQLP

exports[`HeadingSearch component Should render snapshot correctly 1`] = `
{
  "asFragment": [Function],
  "baseElement": <body>
    <div>
      <div
        class="MuiStack-root css-133lg72-MuiStack-root"
      >
        <div
          class="MuiBox-root css-0"
        >
          <h4
            class="MuiTypography-root MuiTypography-h4 css-15gon46-MuiTypography-root"
          >
            All Customers
          </h4>
          <h6
            class="MuiTypography-root MuiTypography-subtitle2 css-1ge8cc0-MuiTypography-root"
          >
            Active Members
          </h6>
        </div>
        <div
          class="MuiStack-root css-qoybat-MuiStack-root"
        >
          <div
            class="MuiBox-root css-79elbk"
          >
            <div
              class="MuiStack-root css-1ibunwk-MuiStack-root"
            >
              <svg
                fill="none"
                height="24px"
                viewBox="0 0 24 24"
                width="24px"
                xmlns="http://www.w3.org/2000/svg"
              >
                <path
                  d="M11 19C15.4183 19 19 15.4183 19 11C19 6.58172 15.4183 3 11 3C6.58172 3 3 6.58172 3 11C3 15.4183 6.58172 19 11 19Z"
                  stroke="#7e7e7e"
                  stroke-linecap="round"
                  stroke-linejoin="round"
                  stroke-width="2"
                />
                <path
                  d="M21 21L16.65 16.65"
                  stroke="#7e7e7e"
                  stroke-linecap="round"
                  stroke-linejoin="round"
                  stroke-width="2"
                />
              </svg>
            </div>
            <div
              class="MuiInputBase-root MuiInput-root MuiInput-underline MuiInputBase-colorPrimary css-94omkc-MuiInputBase-root-MuiInput-root"
            >
              <input
                aria-label="search"
                class="MuiInputBase-input MuiInput-input css-15e8ec1-MuiInputBase-input-MuiInput-input"
                placeholder="Search…"
                type="text"
                value="a"
              />
            </div>
          </div>
          <div
            class="MuiFormControl-root css-2iaed4-MuiFormControl-root"
          >
            <label
              class="MuiFormLabel-root MuiInputLabel-root MuiInputLabel-formControl MuiInputLabel-animated MuiInputLabel-shrink MuiInputLabel-sizeMedium MuiInputLabel-outlined MuiFormLabel-colorPrimary MuiFormLabel-filled MuiInputLabel-root MuiInputLabel-formControl MuiInputLabel-animated MuiInputLabel-shrink MuiInputLabel-sizeMedium MuiInputLabel-outlined css-wxw8j3-MuiFormLabel-root-MuiInputLabel-root"
              data-shrink="true"
              id="demo-simple-select-label"
            >
              Short by:
            </label>
            <div
              class="MuiInputBase-root MuiOutlinedInput-root MuiInputBase-colorPrimary MuiInputBase-formControl  css-cb5d54-MuiInputBase-root-MuiOutlinedInput-root-MuiSelect-root"
              data-testid="change-selection"
            >
              <div
                aria-controls=":r0:"
                aria-expanded="false"
                aria-haspopup="listbox"
                aria-labelledby="demo-simple-select-label demo-simple-select"
                class="MuiSelect-select MuiSelect-outlined MuiInputBase-input MuiOutlinedInput-input css-zbhh1g-MuiSelect-select-MuiInputBase-input-MuiOutlinedInput-input"
                id="demo-simple-select"
                role="combobox"
                tabindex="0"
              >
                -select-
              </div>
              <input
                aria-hidden="true"
                aria-invalid="false"
                class="MuiSelect-nativeInput css-yf8vq0-MuiSelect-nativeInput"
                tabindex="-1"
                value="default"
              />
              <svg
                aria-hidden="true"
                class="MuiSvgIcon-root MuiSvgIcon-fontSizeMedium MuiSelect-icon MuiSelect-iconOutlined css-10d36jd-MuiSvgIcon-root-MuiSelect-icon"
                data-testid="KeyboardArrowDownIcon"
                focusable="false"
                viewBox="0 0 24 24"
              >
                <path
                  d="M7.41 8.59 12 13.17l4.59-4.58L18 10l-6 6-6-6z"
                />
              </svg>
              <fieldset
                aria-hidden="true"
                class="MuiOutlinedInput-notchedOutline css-1d3z3hw-MuiOutlinedInput-notchedOutline"
              >
                <legend
                  class="css-ihdtdm"
                >
                  <span
                    class="notranslate"
                  >
                    ​
                  </span>
                </legend>
              </fieldset>
            </div>
          </div>
        </div>
      </div>
    </div>
  </body>,
  "container": <div>
    <div
      class="MuiStack-root css-133lg72-MuiStack-root"
    >
      <div
        class="MuiBox-root css-0"
      >
        <h4
          class="MuiTypography-root MuiTypography-h4 css-15gon46-MuiTypography-root"
        >
          All Customers
        </h4>
        <h6
          class="MuiTypography-root MuiTypography-subtitle2 css-1ge8cc0-MuiTypography-root"
        >
          Active Members
        </h6>
      </div>
      <div
        class="MuiStack-root css-qoybat-MuiStack-root"
      >
        <div
          class="MuiBox-root css-79elbk"
        >
          <div
            class="MuiStack-root css-1ibunwk-MuiStack-root"
          >
            <svg
              fill="none"
              height="24px"
              viewBox="0 0 24 24"
              width="24px"
              xmlns="http://www.w3.org/2000/svg"
            >
              <path
                d="M11 19C15.4183 19 19 15.4183 19 11C19 6.58172 15.4183 3 11 3C6.58172 3 3 6.58172 3 11C3 15.4183 6.58172 19 11 19Z"
                stroke="#7e7e7e"
                stroke-linecap="round"
                stroke-linejoin="round"
                stroke-width="2"
              />
              <path
                d="M21 21L16.65 16.65"
                stroke="#7e7e7e"
                stroke-linecap="round"
                stroke-linejoin="round"
                stroke-width="2"
              />
            </svg>
          </div>
          <div
            class="MuiInputBase-root MuiInput-root MuiInput-underline MuiInputBase-colorPrimary css-94omkc-MuiInputBase-root-MuiInput-root"
          >
            <input
              aria-label="search"
              class="MuiInputBase-input MuiInput-input css-15e8ec1-MuiInputBase-input-MuiInput-input"
              placeholder="Search…"
              type="text"
              value="a"
            />
          </div>
        </div>
        <div
          class="MuiFormControl-root css-2iaed4-MuiFormControl-root"
        >
          <label
            class="MuiFormLabel-root MuiInputLabel-root MuiInputLabel-formControl MuiInputLabel-animated MuiInputLabel-shrink MuiInputLabel-sizeMedium MuiInputLabel-outlined MuiFormLabel-colorPrimary MuiFormLabel-filled MuiInputLabel-root MuiInputLabel-formControl MuiInputLabel-animated MuiInputLabel-shrink MuiInputLabel-sizeMedium MuiInputLabel-outlined css-wxw8j3-MuiFormLabel-root-MuiInputLabel-root"
            data-shrink="true"
            id="demo-simple-select-label"
          >
            Short by:
          </label>
          <div
            class="MuiInputBase-root MuiOutlinedInput-root MuiInputBase-colorPrimary MuiInputBase-formControl  css-cb5d54-MuiInputBase-root-MuiOutlinedInput-root-MuiSelect-root"
            data-testid="change-selection"
          >
            <div
              aria-controls=":r0:"
              aria-expanded="false"
              aria-haspopup="listbox"
              aria-labelledby="demo-simple-select-label demo-simple-select"
              class="MuiSelect-select MuiSelect-outlined MuiInputBase-input MuiOutlinedInput-input css-zbhh1g-MuiSelect-select-MuiInputBase-input-MuiOutlinedInput-input"
              id="demo-simple-select"
              role="combobox"
              tabindex="0"
            >
              -select-
            </div>
            <input
              aria-hidden="true"
              aria-invalid="false"
              class="MuiSelect-nativeInput css-yf8vq0-MuiSelect-nativeInput"
              tabindex="-1"
              value="default"
            />
            <svg
              aria-hidden="true"
              class="MuiSvgIcon-root MuiSvgIcon-fontSizeMedium MuiSelect-icon MuiSelect-iconOutlined css-10d36jd-MuiSvgIcon-root-MuiSelect-icon"
              data-testid="KeyboardArrowDownIcon"
              focusable="false"
              viewBox="0 0 24 24"
            >
              <path
                d="M7.41 8.59 12 13.17l4.59-4.58L18 10l-6 6-6-6z"
              />
            </svg>
            <fieldset
              aria-hidden="true"
              class="MuiOutlinedInput-notchedOutline css-1d3z3hw-MuiOutlinedInput-notchedOutline"
            >
              <legend
                class="css-ihdtdm"
              >
                <span
                  class="notranslate"
                >
                  ​
                </span>
              </legend>
            </fieldset>
          </div>
        </div>
      </div>
    </div>
  </div>,
  "debug": [Function],
  "findAllByAltText": [Function],
  "findAllByDisplayValue": [Function],
  "findAllByLabelText": [Function],
  "findAllByPlaceholderText": [Function],
  "findAllByRole": [Function],
  "findAllByTestId": [Function],
  "findAllByText": [Function],
  "findAllByTitle": [Function],
  "findByAltText": [Function],
  "findByDisplayValue": [Function],
  "findByLabelText": [Function],
  "findByPlaceholderText": [Function],
  "findByRole": [Function],
  "findByTestId": [Function],
  "findByText": [Function],
  "findByTitle": [Function],
  "getAllByAltText": [Function],
  "getAllByDisplayValue": [Function],
  "getAllByLabelText": [Function],
  "getAllByPlaceholderText": [Function],
  "getAllByRole": [Function],
  "getAllByTestId": [Function],
  "getAllByText": [Function],
  "getAllByTitle": [Function],
  "getByAltText": [Function],
  "getByDisplayValue": [Function],
  "getByLabelText": [Function],
  "getByPlaceholderText": [Function],
  "getByRole": [Function],
  "getByTestId": [Function],
  "getByText": [Function],
  "getByTitle": [Function],
  "queryAllByAltText": [Function],
  "queryAllByDisplayValue": [Function],
  "queryAllByLabelText": [Function],
  "queryAllByPlaceholderText": [Function],
  "queryAllByRole": [Function],
  "queryAllByTestId": [Function],
  "queryAllByText": [Function],
  "queryAllByTitle": [Function],
  "queryByAltText": [Function],
  "queryByDisplayValue": [Function],
  "queryByLabelText": [Function],
  "queryByPlaceholderText": [Function],
  "queryByRole": [Function],
  "queryByTestId": [Function],
  "queryByText": [Function],
  "queryByTitle": [Function],
  "rerender": [Function],
  "unmount": [Function],
}
`;
